
> quiz-web@1.0.0 test
> jest --verbose --runInBand

FAIL tests/authQuiz.test.js
  Auth and quiz attempt flow
    √ uses separate SQLite files for each bounded context (3 ms)
    √ fresh setup creates the required tables in each database context (2 ms)
    √ seeds role-specific profile databases for admin, teacher, and student
    √ does not store plaintext passwords in the users database (1 ms)
    √ requires the same application spice to verify a password hash (91 ms)
    √ requires PASSWORD_SPICE in production (43 ms)
    √ logs in seeded role accounts with salted and spiced password hashes (101 ms)
    × login endpoint sets an HttpOnly session cookie without exposing the token (69 ms)
    × query string and header session tokens are rejected by HTTP auth middleware (45 ms)
    × blocks default admin from using the app until username and password are changed (37 ms)
    √ rejects invalid passwords (35 ms)
    √ lets admins issue one-time reset codes without storing plaintext codes (102 ms)
    × admin can list password reset requests through the API (70 ms)
    × admin can issue password reset code through the API (68 ms)
    × admin user edit can set a new password that works for login (100 ms)
    × admin can create a student with studentNumber and cohort (69 ms)
    × duplicate studentNumber is rejected (106 ms)
    √ student can log in using studentNumber (66 ms)
    √ student email login is rejected even with correct password (65 ms)
    √ teacher must log in with email (employee number/username are rejected) (69 ms)
    √ password reset request can identify studentNumber (35 ms)
    × admin user search can find a student by studentNumber (106 ms)
    × duplicate email returns 409 conflict (73 ms)
    × admin users endpoint supports pagination, role filter, and status filter (75 ms)
    √ login identifier is rejected when ambiguous across academic identifiers (78 ms)
    √ restricted/suspended user cannot login (76 ms)
    × course participants include studentNumber (75 ms)
    × gradebook includes studentNumber (76 ms)
    √ student can submit a published quiz attempt for server-side grading (45 ms)

  ● Auth and quiz attempt flow › login endpoint sets an HttpOnly session cookie without exposing the token

    expect(received).toBeDefined()

    Received: undefined

    [0m [90m 187 |[39m     [36mconst[39m setCookie [33m=[39m response[33m.[39mheaders[[32m'set-cookie'[39m] [33m||[39m [][33m;[39m
     [90m 188 |[39m     [36mconst[39m sessionCookie [33m=[39m setCookie[33m.[39mfind(item [33m=>[39m item[33m.[39mstartsWith([32m'auth_token='[39m))[33m;[39m
    [31m[1m>[22m[39m[90m 189 |[39m     expect(sessionCookie)[33m.[39mtoBeDefined()[33m;[39m
     [90m     |[39m                           [31m[1m^[22m[39m
     [90m 190 |[39m     expect(sessionCookie)[33m.[39mtoEqual(expect[33m.[39mstringContaining([32m'HttpOnly'[39m))[33m;[39m
     [90m 191 |[39m     expect(sessionCookie)[33m.[39mtoEqual(expect[33m.[39mstringContaining([32m'Secure'[39m))[33m;[39m
     [90m 192 |[39m     expect(sessionCookie)[33m.[39mtoEqual(expect[33m.[39mstringContaining([32m'SameSite=Strict'[39m))[33m;[39m[0m

      at Object.toBeDefined (tests/authQuiz.test.js:189:27)

  ● Auth and quiz attempt flow › query string and header session tokens are rejected by HTTP auth middleware

    expected 401 "Unauthorized", got 200 "OK"

    [0m [90m 219 |[39m       [33m.[39m[36mget[39m([32m'/api/auth/me'[39m)
     [90m 220 |[39m       [33m.[39m[36mset[39m([32m'Authorization'[39m[33m,[39m [32m`Bearer ${session.token}`[39m)
    [31m[1m>[22m[39m[90m 221 |[39m       [33m.[39mexpect([35m401[39m)[33m;[39m
     [90m     |[39m        [31m[1m^[22m[39m
     [90m 222 |[39m
     [90m 223 |[39m     [36mawait[39m request(app)
     [90m 224 |[39m       [33m.[39m[36mget[39m([32m'/api/auth/me'[39m)[0m

      at Object.expect (tests/authQuiz.test.js:221:8)
      ----
      at Test._assertStatus (node_modules/supertest/lib/test.js:252:14)
      at node_modules/supertest/lib/test.js:308:13
      at Test._assertFunction (node_modules/supertest/lib/test.js:285:13)
      at Test.assert (node_modules/supertest/lib/test.js:164:23)
      at Server.localAssert (node_modules/supertest/lib/test.js:120:14)

  ● Auth and quiz attempt flow › blocks default admin from using the app until username and password are changed

    expected 403 "Forbidden", got 401 "Unauthorized"

    [0m [90m 233 |[39m       [33m.[39m[36mget[39m([32m'/api/courses'[39m)
     [90m 234 |[39m       [33m.[39m[36mset[39m([32m'Cookie'[39m[33m,[39m cookie(session))
    [31m[1m>[22m[39m[90m 235 |[39m       [33m.[39mexpect([35m403[39m)
     [90m     |[39m        [31m[1m^[22m[39m
     [90m 236 |[39m       [33m.[39mexpect(response [33m=>[39m {
     [90m 237 |[39m         expect(response[33m.[39mbody[33m.[39mcode)[33m.[39mtoBe([32m'CREDENTIAL_CHANGE_REQUIRED'[39m)[33m;[39m
     [90m 238 |[39m       })[33m;[39m[0m

      at Object.expect (tests/authQuiz.test.js:235:8)
      ----
      at Test._assertStatus (node_modules/supertest/lib/test.js:252:14)
      at node_modules/supertest/lib/test.js:308:13
      at Test._assertFunction (node_modules/supertest/lib/test.js:285:13)
      at Test.assert (node_modules/supertest/lib/test.js:164:23)
      at Server.localAssert (node_modules/supertest/lib/test.js:120:14)

  ● Auth and quiz attempt flow › admin can list password reset requests through the API

    expected 200 "OK", got 401 "Unauthorized"

    [0m [90m 303 |[39m       [33m.[39m[36mget[39m([32m'/api/users/password-reset-requests'[39m)
     [90m 304 |[39m       [33m.[39m[36mset[39m([32m'Cookie'[39m[33m,[39m cookie(adminSession))
    [31m[1m>[22m[39m[90m 305 |[39m       [33m.[39mexpect([35m200[39m)
     [90m     |[39m        [31m[1m^[22m[39m
     [90m 306 |[39m       [33m.[39mexpect(response [33m=>[39m {
     [90m 307 |[39m         expect([33mArray[39m[33m.[39misArray(response[33m.[39mbody))[33m.[39mtoBe([36mtrue[39m)[33m;[39m
     [90m 308 |[39m         expect(response[33m.[39mbody[33m.[39msome(item [33m=>[39m item[33m.[39musername [33m===[39m [32m'student'[39m))[33m.[39mtoBe([36mtrue[39m)[33m;[39m[0m

      at Object.expect (tests/authQuiz.test.js:305:8)
      ----
      at Test._assertStatus (node_modules/supertest/lib/test.js:252:14)
      at node_modules/supertest/lib/test.js:308:13
      at Test._assertFunction (node_modules/supertest/lib/test.js:285:13)
      at Test.assert (node_modules/supertest/lib/test.js:164:23)
      at Server.localAssert (node_modules/supertest/lib/test.js:120:14)

  ● Auth and quiz attempt flow › admin can issue password reset code through the API

    expected 201 "Created", got 401 "Unauthorized"

    [0m [90m 318 |[39m       [33m.[39mpost([32m`/api/users/${student.id}/password-reset-code`[39m)
     [90m 319 |[39m       [33m.[39m[36mset[39m([32m'Cookie'[39m[33m,[39m cookie(adminSession))
    [31m[1m>[22m[39m[90m 320 |[39m       [33m.[39mexpect([35m201[39m)
     [90m     |[39m        [31m[1m^[22m[39m
     [90m 321 |[39m       [33m.[39mexpect(response [33m=>[39m {
     [90m 322 |[39m         expect(response[33m.[39mbody[33m.[39muserId)[33m.[39mtoBe(student[33m.[39mid)[33m;[39m
     [90m 323 |[39m         expect(response[33m.[39mbody[33m.[39mcode)[33m.[39mtoMatch([35m/^[0-9A-F]{8}$/[39m)[33m;[39m[0m

      at Object.expect (tests/authQuiz.test.js:320:8)
      ----
      at Test._assertStatus (node_modules/supertest/lib/test.js:252:14)
      at node_modules/supertest/lib/test.js:308:13
      at Test._assertFunction (node_modules/supertest/lib/test.js:285:13)
      at Test.assert (node_modules/supertest/lib/test.js:164:23)
      at Server.localAssert (node_modules/supertest/lib/test.js:120:14)

  ● Auth and quiz attempt flow › admin user edit can set a new password that works for login

    expected 200 "OK", got 401 "Unauthorized"

    [0m [90m 348 |[39m       [33m.[39m[36mset[39m([32m'Cookie'[39m[33m,[39m cookie(adminSession))
     [90m 349 |[39m       [33m.[39msend({ password[33m:[39m [32m'ManagedNew123!'[39m })
    [31m[1m>[22m[39m[90m 350 |[39m       [33m.[39mexpect([35m200[39m)[33m;[39m
     [90m     |[39m        [31m[1m^[22m[39m
     [90m 351 |[39m
     [90m 352 |[39m     expect(authService[33m.[39mlogin([32m'MNG-0001'[39m[33m,[39m [32m'ManagedNew123!'[39m)[33m.[39muser[33m.[39mid)[33m.[39mtoBe(student[33m.[39mid)[33m;[39m
     [90m 353 |[39m     expect(() [33m=>[39m authService[33m.[39mlogin([32m'MNG-0001'[39m[33m,[39m [32m'ManagedOld123!'[39m))[33m.[39mtoThrow([32m'Invalid credentials'[39m)[33m;[39m[0m

      at Object.expect (tests/authQuiz.test.js:350:8)
      ----
      at Test._assertStatus (node_modules/supertest/lib/test.js:252:14)
      at node_modules/supertest/lib/test.js:308:13
      at Test._assertFunction (node_modules/supertest/lib/test.js:285:13)
      at Test.assert (node_modules/supertest/lib/test.js:164:23)
      at Server.localAssert (node_modules/supertest/lib/test.js:120:14)

  ● Auth and quiz attempt flow › admin can create a student with studentNumber and cohort

    expected 201 "Created", got 401 "Unauthorized"

    [0m [90m 373 |[39m         cohort[33m:[39m [32m'2026'[39m
     [90m 374 |[39m       })
    [31m[1m>[22m[39m[90m 375 |[39m       [33m.[39mexpect([35m201[39m)[33m;[39m
     [90m     |[39m        [31m[1m^[22m[39m
     [90m 376 |[39m
     [90m 377 |[39m     expect(response[33m.[39mbody[33m.[39mstudentNumber)[33m.[39mtoBe([32m'ACD-1001'[39m)[33m;[39m
     [90m 378 |[39m     expect(response[33m.[39mbody[33m.[39mcohort)[33m.[39mtoBe([32m'2026'[39m)[33m;[39m[0m

      at Object.expect (tests/authQuiz.test.js:375:8)
      ----
      at Test._assertStatus (node_modules/supertest/lib/test.js:252:14)
      at node_modules/supertest/lib/test.js:308:13
      at Test._assertFunction (node_modules/supertest/lib/test.js:285:13)
      at Test.assert (node_modules/supertest/lib/test.js:164:23)
      at Server.localAssert (node_modules/supertest/lib/test.js:120:14)

  ● Auth and quiz attempt flow › duplicate studentNumber is rejected

    expected 409 "Conflict", got 401 "Unauthorized"

    [0m [90m 401 |[39m         studentNumber[33m:[39m [32m'DUP-1001'[39m
     [90m 402 |[39m       })
    [31m[1m>[22m[39m[90m 403 |[39m       [33m.[39mexpect([35m409[39m)
     [90m     |[39m        [31m[1m^[22m[39m
     [90m 404 |[39m       [33m.[39mexpect(response [33m=>[39m {
     [90m 405 |[39m         expect(response[33m.[39mbody[33m.[39mmessage)[33m.[39mtoMatch([35m/student number already exists/i[39m)[33m;[39m
     [90m 406 |[39m       })[33m;[39m[0m

      at Object.expect (tests/authQuiz.test.js:403:8)
      ----
      at Test._assertStatus (node_modules/supertest/lib/test.js:252:14)
      at node_modules/supertest/lib/test.js:308:13
      at Test._assertFunction (node_modules/supertest/lib/test.js:285:13)
      at Test.assert (node_modules/supertest/lib/test.js:164:23)
      at Server.localAssert (node_modules/supertest/lib/test.js:120:14)

  ● Auth and quiz attempt flow › admin user search can find a student by studentNumber

    expected 200 "OK", got 401 "Unauthorized"

    [0m [90m 484 |[39m       [33m.[39m[36mget[39m([32m'/api/users?search=SEARCH-1001'[39m)
     [90m 485 |[39m       [33m.[39m[36mset[39m([32m'Cookie'[39m[33m,[39m cookie(adminSession))
    [31m[1m>[22m[39m[90m 486 |[39m       [33m.[39mexpect([35m200[39m)
     [90m     |[39m        [31m[1m^[22m[39m
     [90m 487 |[39m       [33m.[39mexpect(response [33m=>[39m {
     [90m 488 |[39m         expect(response[33m.[39mbody[33m.[39mitems[33m.[39msome(user [33m=>[39m user[33m.[39musername [33m===[39m [32m'search-number-student'[39m))[33m.[39mtoBe([36mtrue[39m)[33m;[39m
     [90m 489 |[39m         expect(response[33m.[39mbody[33m.[39mitems[[35m0[39m])[33m.[39mtoHaveProperty([32m'studentNumber'[39m)[33m;[39m[0m

      at Object.expect (tests/authQuiz.test.js:486:8)
      ----
      at Test._assertStatus (node_modules/supertest/lib/test.js:252:14)
      at node_modules/supertest/lib/test.js:308:13
      at Test._assertFunction (node_modules/supertest/lib/test.js:285:13)
      at Test.assert (node_modules/supertest/lib/test.js:164:23)
      at Server.localAssert (node_modules/supertest/lib/test.js:120:14)

  ● Auth and quiz attempt flow › duplicate email returns 409 conflict

    expected 201 "Created", got 401 "Unauthorized"

    [0m [90m 505 |[39m         studentNumber[33m:[39m [32m'DUP-EMAIL-1001'[39m
     [90m 506 |[39m       })
    [31m[1m>[22m[39m[90m 507 |[39m       [33m.[39mexpect([35m201[39m)[33m;[39m
     [90m     |[39m        [31m[1m^[22m[39m
     [90m 508 |[39m
     [90m 509 |[39m     [36mawait[39m request(app)
     [90m 510 |[39m       [33m.[39mpost([32m'/api/users'[39m)[0m

      at Object.expect (tests/authQuiz.test.js:507:8)
      ----
      at Test._assertStatus (node_modules/supertest/lib/test.js:252:14)
      at node_modules/supertest/lib/test.js:308:13
      at Test._assertFunction (node_modules/supertest/lib/test.js:285:13)
      at Test.assert (node_modules/supertest/lib/test.js:164:23)
      at Server.localAssert (node_modules/supertest/lib/test.js:120:14)

  ● Auth and quiz attempt flow › admin users endpoint supports pagination, role filter, and status filter

    expected 200 "OK", got 401 "Unauthorized"

    [0m [90m 529 |[39m       [33m.[39m[36mget[39m([32m'/api/users?role=student&status=active&page=1&limit=5'[39m)
     [90m 530 |[39m       [33m.[39m[36mset[39m([32m'Cookie'[39m[33m,[39m cookie(adminSession))
    [31m[1m>[22m[39m[90m 531 |[39m       [33m.[39mexpect([35m200[39m)[33m;[39m
     [90m     |[39m        [31m[1m^[22m[39m
     [90m 532 |[39m
     [90m 533 |[39m     expect([33mArray[39m[33m.[39misArray(response[33m.[39mbody[33m.[39mitems))[33m.[39mtoBe([36mtrue[39m)[33m;[39m
     [90m 534 |[39m     expect(response[33m.[39mbody[33m.[39mitems[33m.[39mlength)[33m.[39mtoBeLessThanOrEqual([35m5[39m)[33m;[39m[0m

      at Object.expect (tests/authQuiz.test.js:531:8)
      ----
      at Test._assertStatus (node_modules/supertest/lib/test.js:252:14)
      at node_modules/supertest/lib/test.js:308:13
      at Test._assertFunction (node_modules/supertest/lib/test.js:285:13)
      at Test.assert (node_modules/supertest/lib/test.js:164:23)
      at Server.localAssert (node_modules/supertest/lib/test.js:120:14)

  ● Auth and quiz attempt flow › course participants include studentNumber

    expected 200 "OK", got 401 "Unauthorized"

    [0m [90m 591 |[39m       [33m.[39m[36mget[39m([32m`/api/courses/${course.id}/participants`[39m)
     [90m 592 |[39m       [33m.[39m[36mset[39m([32m'Cookie'[39m[33m,[39m cookie(adminSession))
    [31m[1m>[22m[39m[90m 593 |[39m       [33m.[39mexpect([35m200[39m)
     [90m     |[39m        [31m[1m^[22m[39m
     [90m 594 |[39m       [33m.[39mexpect(response [33m=>[39m {
     [90m 595 |[39m         [36mconst[39m student [33m=[39m response[33m.[39mbody[33m.[39mfind(participant [33m=>[39m participant[33m.[39mcourseRole [33m===[39m [32m'student'[39m)[33m;[39m
     [90m 596 |[39m         expect(student[33m.[39mstudentNumber)[33m.[39mtoMatch([35m/^STU-/[39m)[33m;[39m[0m

      at Object.expect (tests/authQuiz.test.js:593:8)
      ----
      at Test._assertStatus (node_modules/supertest/lib/test.js:252:14)
      at node_modules/supertest/lib/test.js:308:13
      at Test._assertFunction (node_modules/supertest/lib/test.js:285:13)
      at Test.assert (node_modules/supertest/lib/test.js:164:23)
      at Server.localAssert (node_modules/supertest/lib/test.js:120:14)

  ● Auth and quiz attempt flow › gradebook includes studentNumber

    expected 200 "OK", got 401 "Unauthorized"

    [0m [90m 606 |[39m       [33m.[39m[36mget[39m([32m`/api/courses/${course.id}/gradebook`[39m)
     [90m 607 |[39m       [33m.[39m[36mset[39m([32m'Cookie'[39m[33m,[39m cookie(adminSession))
    [31m[1m>[22m[39m[90m 608 |[39m       [33m.[39mexpect([35m200[39m)
     [90m     |[39m        [31m[1m^[22m[39m
     [90m 609 |[39m       [33m.[39mexpect(response [33m=>[39m {
     [90m 610 |[39m         expect(response[33m.[39mbody[33m.[39mstudents[33m.[39mlength)[33m.[39mtoBeGreaterThan([35m0[39m)[33m;[39m
     [90m 611 |[39m         expect(response[33m.[39mbody[33m.[39mstudents[[35m0[39m][33m.[39mstudentNumber)[33m.[39mtoMatch([35m/^STU-/[39m)[33m;[39m[0m

      at Object.expect (tests/authQuiz.test.js:608:8)
      ----
      at Test._assertStatus (node_modules/supertest/lib/test.js:252:14)
      at node_modules/supertest/lib/test.js:308:13
      at Test._assertFunction (node_modules/supertest/lib/test.js:285:13)
      at Test.assert (node_modules/supertest/lib/test.js:164:23)
      at Server.localAssert (node_modules/supertest/lib/test.js:120:14)

FAIL tests/lmsAdvanced.test.js
  Advanced LMS controls
    × enrolled student can post in course discussion; non-enrolled cannot (57 ms)
    × chat muted restriction blocks discussion posting (105 ms)
    × quiz_blocked restriction prevents starting attempt (39 ms)
    × course_access_blocked restriction prevents course access (74 ms)
    × assignment_blocked restriction prevents submission (73 ms)
    × teachers can only manage validation issues for their courses or own issues (105 ms)
    √ stale quiz question validation issues are resolved before health reporting (2 ms)
    × course deletion removes attached-database course data and student resource visibility is time-gated (118 ms)
    × course and week file resources accept real uploaded documents (41 ms)
    √ timed attempt marks expired and negative marking score never goes below zero (78 ms)
    × manual result policy hides scores and answer correctness until released (89 ms)
    √ published quiz creation is rejected until questions are assigned (45 ms)
    × question upload rejects non-raster image types (38 ms)
    √ invalid grade scheme keeps numeric score but sets letter grade pending review (111 ms)

  ● Advanced LMS controls › enrolled student can post in course discussion; non-enrolled cannot

    expected 201 "Created", got 401 "Unauthorized"

    [0m [90m 47 |[39m       [33m.[39m[36mset[39m([32m'Cookie'[39m[33m,[39m cookie(studentSession))
     [90m 48 |[39m       [33m.[39msend({ title[33m:[39m [32m'Exam question'[39m[33m,[39m body[33m:[39m [32m'When is the midterm schedule published?'[39m })
    [31m[1m>[22m[39m[90m 49 |[39m       [33m.[39mexpect([35m201[39m)[33m;[39m
     [90m    |[39m        [31m[1m^[22m[39m
     [90m 50 |[39m
     [90m 51 |[39m     [36mconst[39m stamp [33m=[39m [33mString[39m([33mDate[39m[33m.[39mnow())[33m.[39mslice([33m-[39m[35m8[39m)[33m;[39m
     [90m 52 |[39m     [36mconst[39m outsider [33m=[39m authService[33m.[39mcreateUser({[0m

      at Object.expect (tests/lmsAdvanced.test.js:49:8)
      ----
      at Test._assertStatus (node_modules/supertest/lib/test.js:252:14)
      at node_modules/supertest/lib/test.js:308:13
      at Test._assertFunction (node_modules/supertest/lib/test.js:285:13)
      at Test.assert (node_modules/supertest/lib/test.js:164:23)
      at Server.localAssert (node_modules/supertest/lib/test.js:120:14)

  ● Advanced LMS controls › chat muted restriction blocks discussion posting

    expected 403 "Forbidden", got 401 "Unauthorized"

    [0m [90m 92 |[39m       [33m.[39m[36mset[39m([32m'Cookie'[39m[33m,[39m cookie(studentSession))
     [90m 93 |[39m       [33m.[39msend({ title[33m:[39m [32m'Muted post'[39m[33m,[39m body[33m:[39m [32m'This must be blocked.'[39m })
    [31m[1m>[22m[39m[90m 94 |[39m       [33m.[39mexpect([35m403[39m)
     [90m    |[39m        [31m[1m^[22m[39m
     [90m 95 |[39m       [33m.[39mexpect(response [33m=>[39m {
     [90m 96 |[39m         expect(response[33m.[39mbody[33m.[39merror)[33m.[39mtoMatch([35m/Access restricted/i[39m)[33m;[39m
     [90m 97 |[39m       })[33m;[39m[0m

      at Object.expect (tests/lmsAdvanced.test.js:94:8)
      ----
      at Test._assertStatus (node_modules/supertest/lib/test.js:252:14)
      at node_modules/supertest/lib/test.js:308:13
      at Test._assertFunction (node_modules/supertest/lib/test.js:285:13)
      at Test.assert (node_modules/supertest/lib/test.js:164:23)
      at Server.localAssert (node_modules/supertest/lib/test.js:120:14)

  ● Advanced LMS controls › quiz_blocked restriction prevents starting attempt

    expected 403 "Forbidden", got 401 "Unauthorized"

    [0m [90m 114 |[39m       [33m.[39mpost([32m`/api/quizzes/${quiz.id}/attempts`[39m)
     [90m 115 |[39m       [33m.[39m[36mset[39m([32m'Cookie'[39m[33m,[39m cookie(studentSession))
    [31m[1m>[22m[39m[90m 116 |[39m       [33m.[39mexpect([35m403[39m)
     [90m     |[39m        [31m[1m^[22m[39m
     [90m 117 |[39m       [33m.[39mexpect(response [33m=>[39m {
     [90m 118 |[39m         expect(response[33m.[39mbody[33m.[39merror)[33m.[39mtoMatch([35m/Access restricted/i[39m)[33m;[39m
     [90m 119 |[39m       })[33m;[39m[0m

      at Object.expect (tests/lmsAdvanced.test.js:116:8)
      ----
      at Test._assertStatus (node_modules/supertest/lib/test.js:252:14)
      at node_modules/supertest/lib/test.js:308:13
      at Test._assertFunction (node_modules/supertest/lib/test.js:285:13)
      at Test.assert (node_modules/supertest/lib/test.js:164:23)
      at Server.localAssert (node_modules/supertest/lib/test.js:120:14)

  ● Advanced LMS controls › course_access_blocked restriction prevents course access

    expected 403 "Forbidden", got 401 "Unauthorized"

    [0m [90m 147 |[39m       [33m.[39m[36mget[39m([32m`/api/courses/${course.id}`[39m)
     [90m 148 |[39m       [33m.[39m[36mset[39m([32m'Cookie'[39m[33m,[39m cookie(session))
    [31m[1m>[22m[39m[90m 149 |[39m       [33m.[39mexpect([35m403[39m)[33m;[39m
     [90m     |[39m        [31m[1m^[22m[39m
     [90m 150 |[39m   })[33m;[39m
     [90m 151 |[39m
     [90m 152 |[39m   test([32m'assignment_blocked restriction prevents submission'[39m[33m,[39m [36masync[39m () [33m=>[39m {[0m

      at Object.expect (tests/lmsAdvanced.test.js:149:8)
      ----
      at Test._assertStatus (node_modules/supertest/lib/test.js:252:14)
      at node_modules/supertest/lib/test.js:308:13
      at Test._assertFunction (node_modules/supertest/lib/test.js:285:13)
      at Test.assert (node_modules/supertest/lib/test.js:164:23)
      at Server.localAssert (node_modules/supertest/lib/test.js:120:14)

  ● Advanced LMS controls › assignment_blocked restriction prevents submission

    expected 201 "Created", got 401 "Unauthorized"

    [0m [90m 173 |[39m         status[33m:[39m [32m'published'[39m
     [90m 174 |[39m       })
    [31m[1m>[22m[39m[90m 175 |[39m       [33m.[39mexpect([35m201[39m))[33m.[39mbody[33m;[39m
     [90m     |[39m        [31m[1m^[22m[39m
     [90m 176 |[39m
     [90m 177 |[39m     restrictionService[33m.[39mcreate({
     [90m 178 |[39m       userId[33m:[39m studentSession[33m.[39muser[33m.[39mid[33m,[39m[0m

      at Object.expect (tests/lmsAdvanced.test.js:175:8)
      ----
      at Test._assertStatus (node_modules/supertest/lib/test.js:252:14)
      at node_modules/supertest/lib/test.js:308:13
      at Test._assertFunction (node_modules/supertest/lib/test.js:285:13)
      at Test.assert (node_modules/supertest/lib/test.js:164:23)
      at Server.localAssert (node_modules/supertest/lib/test.js:120:14)

  ● Advanced LMS controls › teachers can only manage validation issues for their courses or own issues

    expected 201 "Created", got 401 "Unauthorized"

    [0m [90m 218 |[39m         relatedCourseId[33m:[39m course[33m.[39mid
     [90m 219 |[39m       })
    [31m[1m>[22m[39m[90m 220 |[39m       [33m.[39mexpect([35m201[39m))[33m.[39mbody[33m;[39m
     [90m     |[39m        [31m[1m^[22m[39m
     [90m 221 |[39m
     [90m 222 |[39m     [36mawait[39m request(app)
     [90m 223 |[39m       [33m.[39m[36mget[39m([32m`/api/issues?relatedCourseId=${course.id}`[39m)[0m

      at Object.expect (tests/lmsAdvanced.test.js:220:8)
      ----
      at Test._assertStatus (node_modules/supertest/lib/test.js:252:14)
      at node_modules/supertest/lib/test.js:308:13
      at Test._assertFunction (node_modules/supertest/lib/test.js:285:13)
      at Test.assert (node_modules/supertest/lib/test.js:164:23)
      at Server.localAssert (node_modules/supertest/lib/test.js:120:14)

  ● Advanced LMS controls › course deletion removes attached-database course data and student resource visibility is time-gated

    expected 201 "Created", got 401 "Unauthorized"

    [0m [90m 290 |[39m         visibility[33m:[39m [32m'published'[39m
     [90m 291 |[39m       })
    [31m[1m>[22m[39m[90m 292 |[39m       [33m.[39mexpect([35m201[39m))[33m.[39mbody[33m;[39m
     [90m     |[39m        [31m[1m^[22m[39m
     [90m 293 |[39m
     [90m 294 |[39m     [36mawait[39m request(app)
     [90m 295 |[39m       [33m.[39mpost([32m`/api/courses/${course.id}/enrollments`[39m)[0m

      at Object.expect (tests/lmsAdvanced.test.js:292:8)
      ----
      at Test._assertStatus (node_modules/supertest/lib/test.js:252:14)
      at node_modules/supertest/lib/test.js:308:13
      at Test._assertFunction (node_modules/supertest/lib/test.js:285:13)
      at Test.assert (node_modules/supertest/lib/test.js:164:23)
      at Server.localAssert (node_modules/supertest/lib/test.js:120:14)

  ● Advanced LMS controls › course and week file resources accept real uploaded documents

    expected 201 "Created", got 401 "Unauthorized"

    [0m [90m 403 |[39m         [33m.[39m[36mset[39m([32m'Cookie'[39m[33m,[39m cookie(authService[33m.[39mlogin([32m'teacher@example.com'[39m[33m,[39m [32m'Teacher123!'[39m)))
     [90m 404 |[39m         [33m.[39msend({ weekNumber[33m:[39m [35m8[39m[33m,[39m title[33m:[39m [32m'Upload Week'[39m[33m,[39m visible[33m:[39m [36mtrue[39m })
    [31m[1m>[22m[39m[90m 405 |[39m         [33m.[39mexpect([35m201[39m))[33m.[39mbody[33m;[39m
     [90m     |[39m          [31m[1m^[22m[39m
     [90m 406 |[39m     [36mconst[39m teacherSession [33m=[39m authService[33m.[39mlogin([32m'teacher@example.com'[39m[33m,[39m [32m'Teacher123!'[39m)[33m;[39m
     [90m 407 |[39m
     [90m 408 |[39m     [36mconst[39m courseResource [33m=[39m ([36mawait[39m request(app)[0m

      at Object.expect (tests/lmsAdvanced.test.js:405:10)
      ----
      at Test._assertStatus (node_modules/supertest/lib/test.js:252:14)
      at node_modules/supertest/lib/test.js:308:13
      at Test._assertFunction (node_modules/supertest/lib/test.js:285:13)
      at Test.assert (node_modules/supertest/lib/test.js:164:23)
      at Server.localAssert (node_modules/supertest/lib/test.js:120:14)

  ● Advanced LMS controls › manual result policy hides scores and answer correctness until released

    expected 200 "OK", got 401 "Unauthorized"

    [0m [90m 576 |[39m       [33m.[39m[36mget[39m([32m`/api/quizzes/${quiz.id}/attempts`[39m)
     [90m 577 |[39m       [33m.[39m[36mset[39m([32m'Cookie'[39m[33m,[39m cookie(studentSession))
    [31m[1m>[22m[39m[90m 578 |[39m       [33m.[39mexpect([35m200[39m)
     [90m     |[39m        [31m[1m^[22m[39m
     [90m 579 |[39m       [33m.[39mexpect(response [33m=>[39m {
     [90m 580 |[39m         expect(response[33m.[39mbody[[35m0[39m][33m.[39mscore)[33m.[39mtoBeNull()[33m;[39m
     [90m 581 |[39m         expect(response[33m.[39mbody[[35m0[39m][33m.[39mhiddenByPolicy)[33m.[39mtoBe([36mtrue[39m)[33m;[39m[0m

      at Object.expect (tests/lmsAdvanced.test.js:578:8)
      ----
      at Test._assertStatus (node_modules/supertest/lib/test.js:252:14)
      at node_modules/supertest/lib/test.js:308:13
      at Test._assertFunction (node_modules/supertest/lib/test.js:285:13)
      at Test.assert (node_modules/supertest/lib/test.js:164:23)
      at Server.localAssert (node_modules/supertest/lib/test.js:120:14)

  ● Advanced LMS controls › question upload rejects non-raster image types

    expected 400 "Bad Request", got 401 "Unauthorized"

    [0m [90m 621 |[39m         contentType[33m:[39m [32m'image/svg+xml'[39m
     [90m 622 |[39m       })
    [31m[1m>[22m[39m[90m 623 |[39m       [33m.[39mexpect([35m400[39m)[33m;[39m
     [90m     |[39m        [31m[1m^[22m[39m
     [90m 624 |[39m   })[33m;[39m
     [90m 625 |[39m
     [90m 626 |[39m   test([32m'invalid grade scheme keeps numeric score but sets letter grade pending review'[39m[33m,[39m () [33m=>[39m {[0m

      at Object.expect (tests/lmsAdvanced.test.js:623:8)
      ----
      at Test._assertStatus (node_modules/supertest/lib/test.js:252:14)
      at node_modules/supertest/lib/test.js:308:13
      at Test._assertFunction (node_modules/supertest/lib/test.js:285:13)
      at Test.assert (node_modules/supertest/lib/test.js:164:23)
      at Server.localAssert (node_modules/supertest/lib/test.js:120:14)

FAIL tests/lmsRegression.test.js
  grade schemes and templates are course scoped
    × grade scheme access is admin/all and teacher/course-manager only (18 ms)
    × threshold validation rejects invalid values and accepts Turkish grade scale edits (9 ms)
    × teacher template access excludes other managed-course templates (4 ms)
  gradebook calculation
    × uses submitted-point weighted average and custom thresholds (3 ms)
  protected downloads and attendance self marking
    × course resources and assignment submissions require authorized downloads (4 ms)
    × student self-attendance is open-session scoped and removable with note (4 ms)

  ● grade schemes and templates are course scoped › grade scheme access is admin/all and teacher/course-manager only

    expected 200 "OK", got 401 "Unauthorized"

    [0m [90m 183 |[39m       [33m.[39m[36mget[39m([32m`/api/quizzes/grade-schemes?courseId=${ctx.courseBId}`[39m)
     [90m 184 |[39m       [33m.[39m[36mset[39m([32m'Cookie'[39m[33m,[39m cookie(ctx[33m.[39madminSession))
    [31m[1m>[22m[39m[90m 185 |[39m       [33m.[39mexpect([35m200[39m)[33m;[39m
     [90m     |[39m        [31m[1m^[22m[39m
     [90m 186 |[39m
     [90m 187 |[39m     [36mawait[39m request(app)
     [90m 188 |[39m       [33m.[39m[36mget[39m([32m`/api/quizzes/grade-schemes?courseId=${ctx.courseAId}`[39m)[0m

      at Object.expect (tests/lmsRegression.test.js:185:8)
      ----
      at Test._assertStatus (node_modules/supertest/lib/test.js:252:14)
      at node_modules/supertest/lib/test.js:308:13
      at Test._assertFunction (node_modules/supertest/lib/test.js:285:13)
      at Test.assert (node_modules/supertest/lib/test.js:164:23)
      at Server.localAssert (node_modules/supertest/lib/test.js:120:14)

  ● grade schemes and templates are course scoped › threshold validation rejects invalid values and accepts Turkish grade scale edits

    expected 400 "Bad Request", got 401 "Unauthorized"

    [0m [90m 220 |[39m       [33m.[39m[36mset[39m([32m'Cookie'[39m[33m,[39m cookie(ctx[33m.[39mteacherASession))
     [90m 221 |[39m       [33m.[39msend({ thresholds[33m:[39m thresholds({ [33mBA[39m[33m:[39m [35m90[39m }) })
    [31m[1m>[22m[39m[90m 222 |[39m       [33m.[39mexpect([35m400[39m)[33m;[39m
     [90m     |[39m        [31m[1m^[22m[39m
     [90m 223 |[39m
     [90m 224 |[39m     [36mawait[39m request(app)
     [90m 225 |[39m       [33m.[39mput([32m`/api/quizzes/grade-schemes/${ctx.schemeA.id}/thresholds`[39m)[0m

      at Object.expect (tests/lmsRegression.test.js:222:8)
      ----
      at Test._assertStatus (node_modules/supertest/lib/test.js:252:14)
      at node_modules/supertest/lib/test.js:308:13
      at Test._assertFunction (node_modules/supertest/lib/test.js:285:13)
      at Test.assert (node_modules/supertest/lib/test.js:164:23)
      at Server.localAssert (node_modules/supertest/lib/test.js:120:14)

  ● grade schemes and templates are course scoped › teacher template access excludes other managed-course templates

    expected 201 "Created", got 401 "Unauthorized"

    [0m [90m 243 |[39m       [33m.[39m[36mset[39m([32m'Cookie'[39m[33m,[39m cookie(ctx[33m.[39mteacherASession))
     [90m 244 |[39m       [33m.[39msend({ name[33m:[39m [32m'Course A Template'[39m[33m,[39m courseId[33m:[39m ctx[33m.[39mcourseAId[33m,[39m defaults[33m:[39m { durationMinutes[33m:[39m [35m20[39m } })
    [31m[1m>[22m[39m[90m 245 |[39m       [33m.[39mexpect([35m201[39m))[33m.[39mbody[33m;[39m
     [90m     |[39m        [31m[1m^[22m[39m
     [90m 246 |[39m
     [90m 247 |[39m     [36mconst[39m templateB [33m=[39m ([36mawait[39m request(app)
     [90m 248 |[39m       [33m.[39mpost([32m'/api/quizzes/templates'[39m)[0m

      at Object.expect (tests/lmsRegression.test.js:245:8)
      ----
      at Test._assertStatus (node_modules/supertest/lib/test.js:252:14)
      at node_modules/supertest/lib/test.js:308:13
      at Test._assertFunction (node_modules/supertest/lib/test.js:285:13)
      at Test.assert (node_modules/supertest/lib/test.js:164:23)
      at Server.localAssert (node_modules/supertest/lib/test.js:120:14)

  ● gradebook calculation › uses submitted-point weighted average and custom thresholds

    expected 200 "OK", got 401 "Unauthorized"

    [0m [90m 295 |[39m       [33m.[39m[36mget[39m([32m`/api/courses/${ctx.courseAId}/gradebook`[39m)
     [90m 296 |[39m       [33m.[39m[36mset[39m([32m'Cookie'[39m[33m,[39m cookie(ctx[33m.[39mteacherASession))
    [31m[1m>[22m[39m[90m 297 |[39m       [33m.[39mexpect([35m200[39m)
     [90m     |[39m        [31m[1m^[22m[39m
     [90m 298 |[39m       [33m.[39mexpect(response [33m=>[39m {
     [90m 299 |[39m         [36mconst[39m row [33m=[39m response[33m.[39mbody[33m.[39mstudents[33m.[39mfind(student [33m=>[39m student[33m.[39mid [33m===[39m ctx[33m.[39mstudentA[33m.[39mid)[33m;[39m
     [90m 300 |[39m         expect(row[33m.[39mweightedAverage)[33m.[39mtoBe([35m54.55[39m)[33m;[39m[0m

      at Object.expect (tests/lmsRegression.test.js:297:8)
      ----
      at Test._assertStatus (node_modules/supertest/lib/test.js:252:14)
      at node_modules/supertest/lib/test.js:308:13
      at Test._assertFunction (node_modules/supertest/lib/test.js:285:13)
      at Test.assert (node_modules/supertest/lib/test.js:164:23)
      at Server.localAssert (node_modules/supertest/lib/test.js:120:14)

  ● protected downloads and attendance self marking › course resources and assignment submissions require authorized downloads

    expected 201 "Created", got 401 "Unauthorized"

    [0m [90m 324 |[39m         contentType[33m:[39m [32m'text/plain'[39m
     [90m 325 |[39m       })
    [31m[1m>[22m[39m[90m 326 |[39m       [33m.[39mexpect([35m201[39m))[33m.[39mbody[33m;[39m
     [90m     |[39m        [31m[1m^[22m[39m
     [90m 327 |[39m
     [90m 328 |[39m     expect(resource[33m.[39mdownloadUrl)[33m.[39mtoBe([32m`/api/courses/resources/${resource.id}/download`[39m)[33m;[39m
     [90m 329 |[39m     createdUploadUrls[33m.[39mpush(resource[33m.[39murl)[33m;[39m[0m

      at Object.expect (tests/lmsRegression.test.js:326:8)
      ----
      at Test._assertStatus (node_modules/supertest/lib/test.js:252:14)
      at node_modules/supertest/lib/test.js:308:13
      at Test._assertFunction (node_modules/supertest/lib/test.js:285:13)
      at Test.assert (node_modules/supertest/lib/test.js:164:23)
      at Server.localAssert (node_modules/supertest/lib/test.js:120:14)

  ● protected downloads and attendance self marking › student self-attendance is open-session scoped and removable with note

    expected 201 "Created", got 401 "Unauthorized"

    [0m [90m 376 |[39m         topic[33m:[39m [32m'Regression attendance'[39m
     [90m 377 |[39m       })
    [31m[1m>[22m[39m[90m 378 |[39m       [33m.[39mexpect([35m201[39m))[33m.[39mbody[33m;[39m
     [90m     |[39m        [31m[1m^[22m[39m
     [90m 379 |[39m
     [90m 380 |[39m     [36mconst[39m record [33m=[39m ([36mawait[39m request(app)
     [90m 381 |[39m       [33m.[39mpost([32m`/api/academic/attendance/sessions/${session.id}/self`[39m)[0m

      at Object.expect (tests/lmsRegression.test.js:378:8)
      ----
      at Test._assertStatus (node_modules/supertest/lib/test.js:252:14)
      at node_modules/supertest/lib/test.js:308:13
      at Test._assertFunction (node_modules/supertest/lib/test.js:285:13)
      at Test.assert (node_modules/supertest/lib/test.js:164:23)
      at Server.localAssert (node_modules/supertest/lib/test.js:120:14)

FAIL tests/academic.test.js
  Academic management system
    √ creates role sessions used for academic flows (212 ms)
    × admin manages faculty, department, class year, and section hierarchy (34 ms)
    × profile returns safe academic identity fields for the current user (5 ms)
    × admin creates terms and marks exactly one term active (3 ms)
    × course offerings and enrollments are term-based and role-protected (1 ms)
    × course offering capacity is enforced for active enrollments (35 ms)
    × assignment creation, student submission, and instructor grading work (1 ms)
    × late assignment submissions are accepted but marked late (1 ms)
    × attendance sessions can be marked by instructors and viewed by students (1 ms)
    × deleting a student clears academic records that do not have database foreign keys (68 ms)
    × deleting an instructor clears course offering instructor references (38 ms)
    × admin analytics are role protected and include academic totals (3 ms)

  ● Academic management system › admin manages faculty, department, class year, and section hierarchy

    expected 201 "Created", got 401 "Unauthorized"

    [0m [90m 102 |[39m       [33m.[39m[36mset[39m([32m'Cookie'[39m[33m,[39m cookie(adminSession))
     [90m 103 |[39m       [33m.[39msend({ name[33m:[39m [32m'Faculty of Science'[39m[33m,[39m code[33m:[39m [32m'SCI'[39m })
    [31m[1m>[22m[39m[90m 104 |[39m       [33m.[39mexpect([35m201[39m))[33m.[39mbody[33m;[39m
     [90m     |[39m        [31m[1m^[22m[39m
     [90m 105 |[39m
     [90m 106 |[39m     department [33m=[39m ([36mawait[39m request(app)
     [90m 107 |[39m       [33m.[39mpost([32m'/api/academic/departments'[39m)[0m

      at Object.expect (tests/academic.test.js:104:8)
      ----
      at Test._assertStatus (node_modules/supertest/lib/test.js:252:14)
      at node_modules/supertest/lib/test.js:308:13
      at Test._assertFunction (node_modules/supertest/lib/test.js:285:13)
      at Test.assert (node_modules/supertest/lib/test.js:164:23)
      at Server.localAssert (node_modules/supertest/lib/test.js:120:14)

  ● Academic management system › profile returns safe academic identity fields for the current user

    expected 200 "OK", got 401 "Unauthorized"

    [0m [90m 137 |[39m       [33m.[39m[36mget[39m([32m'/api/auth/me'[39m)
     [90m 138 |[39m       [33m.[39m[36mset[39m([32m'Cookie'[39m[33m,[39m cookie(studentSession))
    [31m[1m>[22m[39m[90m 139 |[39m       [33m.[39mexpect([35m200[39m)
     [90m     |[39m        [31m[1m^[22m[39m
     [90m 140 |[39m       [33m.[39mexpect(response [33m=>[39m {
     [90m 141 |[39m         expect(response[33m.[39mbody[33m.[39mstudentNumber)[33m.[39mtoMatch([35m/^ASTU-/[39m)[33m;[39m
     [90m 142 |[39m         expect(response[33m.[39mbody[33m.[39mfacultyName)[33m.[39mtoBeTruthy()[33m;[39m[0m

      at Object.expect (tests/academic.test.js:139:8)
      ----
      at Test._assertStatus (node_modules/supertest/lib/test.js:252:14)
      at node_modules/supertest/lib/test.js:308:13
      at Test._assertFunction (node_modules/supertest/lib/test.js:285:13)
      at Test.assert (node_modules/supertest/lib/test.js:164:23)
      at Server.localAssert (node_modules/supertest/lib/test.js:120:14)

  ● Academic management system › admin creates terms and marks exactly one term active

    expected 201 "Created", got 401 "Unauthorized"

    [0m [90m 159 |[39m         isActive[33m:[39m [36mtrue[39m
     [90m 160 |[39m       })
    [31m[1m>[22m[39m[90m 161 |[39m       [33m.[39mexpect([35m201[39m))[33m.[39mbody[33m;[39m
     [90m     |[39m        [31m[1m^[22m[39m
     [90m 162 |[39m
     [90m 163 |[39m     alternateTerm [33m=[39m ([36mawait[39m request(app)
     [90m 164 |[39m       [33m.[39mpost([32m'/api/academic/terms'[39m)[0m

      at Object.expect (tests/academic.test.js:161:8)
      ----
      at Test._assertStatus (node_modules/supertest/lib/test.js:252:14)
      at node_modules/supertest/lib/test.js:308:13
      at Test._assertFunction (node_modules/supertest/lib/test.js:285:13)
      at Test.assert (node_modules/supertest/lib/test.js:164:23)
      at Server.localAssert (node_modules/supertest/lib/test.js:120:14)

  ● Academic management system › course offerings and enrollments are term-based and role-protected

    TypeError: Cannot read properties of undefined (reading 'id')

    [0m [90m 236 |[39m         title[33m:[39m [32m'Discrete Mathematics'[39m[33m,[39m
     [90m 237 |[39m         description[33m:[39m [32m'Term-based course offering test.'[39m[33m,[39m
    [31m[1m>[22m[39m[90m 238 |[39m         departmentId[33m:[39m department[33m.[39mid[33m,[39m
     [90m     |[39m                                  [31m[1m^[22m[39m
     [90m 239 |[39m         credits[33m:[39m [35m4[39m[33m,[39m
     [90m 240 |[39m         visibility[33m:[39m [32m'published'[39m
     [90m 241 |[39m       })[0m

      at Object.id (tests/academic.test.js:238:34)

  ● Academic management system › course offering capacity is enforced for active enrollments

    TypeError: Cannot read properties of undefined (reading 'id')

    [0m [90m 291 |[39m       [33m.[39m[36mset[39m([32m'Cookie'[39m[33m,[39m cookie(adminSession))
     [90m 292 |[39m       [33m.[39msend({
    [31m[1m>[22m[39m[90m 293 |[39m         courseId[33m:[39m course[33m.[39mid[33m,[39m
     [90m     |[39m                          [31m[1m^[22m[39m
     [90m 294 |[39m         termId[33m:[39m alternateTerm[33m.[39mid[33m,[39m
     [90m 295 |[39m         instructorId[33m:[39m teacherSession[33m.[39muser[33m.[39mid[33m,[39m
     [90m 296 |[39m         departmentId[33m:[39m department[33m.[39mid[33m,[39m[0m

      at Object.id (tests/academic.test.js:293:26)

  ● Academic management system › assignment creation, student submission, and instructor grading work

    TypeError: Cannot read properties of undefined (reading 'id')

    [0m [90m 331 |[39m       [33m.[39m[36mset[39m([32m'Cookie'[39m[33m,[39m cookie(teacherSession))
     [90m 332 |[39m       [33m.[39msend({
    [31m[1m>[22m[39m[90m 333 |[39m         courseOfferingId[33m:[39m offering[33m.[39mid[33m,[39m
     [90m     |[39m                                    [31m[1m^[22m[39m
     [90m 334 |[39m         title[33m:[39m [32m'Set Theory Homework'[39m[33m,[39m
     [90m 335 |[39m         description[33m:[39m [32m'Submit text or a URL.'[39m[33m,[39m
     [90m 336 |[39m         dueDate[33m:[39m [32m'2027-03-01'[39m[33m,[39m[0m

      at Object.id (tests/academic.test.js:333:36)

  ● Academic management system › late assignment submissions are accepted but marked late

    TypeError: Cannot read properties of undefined (reading 'id')

    [0m [90m 393 |[39m       [33m.[39m[36mset[39m([32m'Cookie'[39m[33m,[39m cookie(teacherSession))
     [90m 394 |[39m       [33m.[39msend({
    [31m[1m>[22m[39m[90m 395 |[39m         courseOfferingId[33m:[39m offering[33m.[39mid[33m,[39m
     [90m     |[39m                                    [31m[1m^[22m[39m
     [90m 396 |[39m         title[33m:[39m [32m'Past Due Homework'[39m[33m,[39m
     [90m 397 |[39m         description[33m:[39m [32m'Late flag check.'[39m[33m,[39m
     [90m 398 |[39m         dueDate[33m:[39m [32m'2020-01-01'[39m[33m,[39m[0m

      at Object.id (tests/academic.test.js:395:36)

  ● Academic management system › attendance sessions can be marked by instructors and viewed by students

    TypeError: Cannot read properties of undefined (reading 'id')

    [0m [90m 416 |[39m       [33m.[39m[36mset[39m([32m'Cookie'[39m[33m,[39m cookie(teacherSession))
     [90m 417 |[39m       [33m.[39msend({
    [31m[1m>[22m[39m[90m 418 |[39m         courseOfferingId[33m:[39m offering[33m.[39mid[33m,[39m
     [90m     |[39m                                    [31m[1m^[22m[39m
     [90m 419 |[39m         sessionDate[33m:[39m [32m'2027-02-10'[39m[33m,[39m
     [90m 420 |[39m         topic[33m:[39m [32m'Intro to proofs'[39m
     [90m 421 |[39m       })[0m

      at Object.id (tests/academic.test.js:418:36)

  ● Academic management system › deleting a student clears academic records that do not have database foreign keys

    TypeError: Cannot read properties of undefined (reading 'id')

    [0m [90m 460 |[39m       [33m.[39m[36mset[39m([32m'Cookie'[39m[33m,[39m cookie(adminSession))
     [90m 461 |[39m       [33m.[39msend({
    [31m[1m>[22m[39m[90m 462 |[39m         courseOfferingId[33m:[39m offering[33m.[39mid[33m,[39m
     [90m     |[39m                                    [31m[1m^[22m[39m
     [90m 463 |[39m         studentId[33m:[39m transientStudent[33m.[39mid[33m,[39m
     [90m 464 |[39m         status[33m:[39m [32m'active'[39m
     [90m 465 |[39m       })[0m

      at Object.id (tests/academic.test.js:462:36)

  ● Academic management system › deleting an instructor clears course offering instructor references

    TypeError: Cannot read properties of undefined (reading 'id')

    [0m [90m 521 |[39m       [33m.[39m[36mset[39m([32m'Cookie'[39m[33m,[39m cookie(adminSession))
     [90m 522 |[39m       [33m.[39msend({
    [31m[1m>[22m[39m[90m 523 |[39m         courseId[33m:[39m course[33m.[39mid[33m,[39m
     [90m     |[39m                          [31m[1m^[22m[39m
     [90m 524 |[39m         termId[33m:[39m alternateTerm[33m.[39mid[33m,[39m
     [90m 525 |[39m         instructorId[33m:[39m transientTeacher[33m.[39mid[33m,[39m
     [90m 526 |[39m         departmentId[33m:[39m department[33m.[39mid[33m,[39m[0m

      at Object.id (tests/academic.test.js:523:26)

  ● Academic management system › admin analytics are role protected and include academic totals

    expected 403 "Forbidden", got 401 "Unauthorized"

    [0m [90m 546 |[39m       [33m.[39m[36mget[39m([32m'/api/analytics/admin'[39m)
     [90m 547 |[39m       [33m.[39m[36mset[39m([32m'Cookie'[39m[33m,[39m cookie(studentSession))
    [31m[1m>[22m[39m[90m 548 |[39m       [33m.[39mexpect([35m403[39m)[33m;[39m
     [90m     |[39m        [31m[1m^[22m[39m
     [90m 549 |[39m
     [90m 550 |[39m     [36mawait[39m request(app)
     [90m 551 |[39m       [33m.[39m[36mget[39m([32m'/api/analytics/admin'[39m)[0m

      at Object.expect (tests/academic.test.js:548:8)
      ----
      at Test._assertStatus (node_modules/supertest/lib/test.js:252:14)
      at node_modules/supertest/lib/test.js:308:13
      at Test._assertFunction (node_modules/supertest/lib/test.js:285:13)
      at Test.assert (node_modules/supertest/lib/test.js:164:23)
      at Server.localAssert (node_modules/supertest/lib/test.js:120:14)

FAIL tests/routeMounts.test.js
  API route mounts
    × every mounted API group has a reachable smoke endpoint (84 ms)
    √ unknown API routes still use the API 404 fallback (4 ms)

  ● API route mounts › every mounted API group has a reachable smoke endpoint

    expected 200 "OK", got 401 "Unauthorized"

    [0m [90m 70 |[39m       [36mif[39m (route[33m.[39mauth) call [33m=[39m call[33m.[39m[36mset[39m([32m'Cookie'[39m[33m,[39m authCookie)[33m;[39m
     [90m 71 |[39m
    [31m[1m>[22m[39m[90m 72 |[39m       [36mawait[39m call[33m.[39mexpect([35m200[39m)[33m.[39mexpect(response [33m=>[39m {
     [90m    |[39m                  [31m[1m^[22m[39m
     [90m 73 |[39m         expect(response[33m.[39mbody)[33m.[39mnot[33m.[39mtoEqual(expect[33m.[39mobjectContaining({
     [90m 74 |[39m           error[33m:[39m [32m'API route not found.'[39m
     [90m 75 |[39m         }))[33m;[39m[0m

      at Object.expect (tests/routeMounts.test.js:72:18)
      ----
      at Test._assertStatus (node_modules/supertest/lib/test.js:252:14)
      at node_modules/supertest/lib/test.js:308:13
      at Test._assertFunction (node_modules/supertest/lib/test.js:285:13)
      at Test.assert (node_modules/supertest/lib/test.js:164:23)
      at Server.localAssert (node_modules/supertest/lib/test.js:120:14)

PASS tests/question.test.js
  QuestionService
    √ should create a multiple choice question (1 ms)
    √ should create a true/false question (1 ms)
    √ should create a fill-in-the-blank question (2 ms)
    √ should reject question without text (14 ms)
    √ should reject question with invalid type (1 ms)
    √ should reject MC with fewer than 2 options
    √ should reject MC with invalid correct answer index (1 ms)
    √ should reject TF with invalid answer
    √ should reject question with non-existent category (1 ms)
    √ should get all questions
    √ should get a question by ID (1 ms)
    √ should return null for non-existent question
    √ should filter questions by difficulty
    √ should filter questions by type (1 ms)
    √ should search questions by text
    √ should get random questions
    √ should update a question (2 ms)
    √ should throw when updating non-existent question (1 ms)
    √ rejects multiple response correct indexes that do not match options (1 ms)
    √ ordering questions filter blank options before storing correctAnswer (1 ms)
    √ stores LaTeX and script-looking text as inert question content (1 ms)
    √ multi-part partial updates preserve existing parts and reject invalid nested updates (6 ms)
    √ math table partial updates preserve tableConfig and reject invalid cell keys (4 ms)
    √ should delete a question (1 ms)
    √ should delete related questions when a category is deleted (1 ms)
    √ should throw when deleting non-existent question (1 ms)

PASS tests/category.test.js
  CategoryService
    √ should create a new category (2 ms)
    √ should not create a category with duplicate name (8 ms)
    √ should not create a category without a name (4 ms)
    √ should not create a category with name too long (1 ms)
    √ should get all categories
    √ should get a category by ID (1 ms)
    √ should return null for non-existent ID
    √ should update a category (1 ms)
    √ should not update to a duplicate name (1 ms)
    √ allows the same category name in different courses but not twice in one course (3 ms)
    √ should throw when updating non-existent category
    √ should delete a category
    √ should throw when deleting non-existent category (1 ms)

PASS tests/rateLimit.test.js
  rate limiter middleware
    √ blocks requests after the configured limit (1 ms)
    √ tracks different identifiers separately and trims stale buckets
    √ login identifier aliases normalize to real buckets instead of none (1 ms)

PASS tests/quizValidators.test.js
  quiz validation
    √ accepts fractional negative marking penalties (1 ms)

Test Suites: 5 failed, 4 passed, 9 total
Tests:       41 failed, 65 passed, 106 total
Snapshots:   0 total
Time:        7.873 s, estimated 8 s
Ran all test suites.
Jest did not exit one second after the test run has completed.

'This usually means that there are asynchronous operations that weren't stopped in your tests. Consider running Jest with `--detectOpenHandles` to troubleshoot this issue.
